Microchip MPLAB XC8 Compiler V2.32

Linker command line:

-W-3 --edf=C:\Program Files\Microchip\xc8\v2.32\pic\dat\en_msgs.txt -cn \
  -h+dist/default/debug\Lab11_template.debug.sym \
  --cmf=dist/default/debug\Lab11_template.debug.cmf -z -Q18F4520 \
  -oC:\Users\Hank\AppData\Local\Temp\xcAsao.4 --defsym=__MPLAB_BUILD=1 \
  -Mdist/default/debug/Lab11_template.debug.map -E1 -ver=XC8 Compiler \
  --acfsm=1493 -ASTACK=0120h-05F3h -pstack=STACK -ACODE=00h-07DBFh \
  -ACONST=00h-07DBFh -ASMALLCONST=0600h-06FFhx119,07D00h-07DBFh \
  -AMEDIUMCONST=0600h-07DBFh -ACOMRAM=01h-07Fh -AABS1=00h-05F3h \
  -ABIGRAM=01h-05F3h -ARAM=080h-0FFh,0100h-01FFhx4,0500h-05F3h \
  -ABANK0=080h-0FFh -ABANK1=0100h-01FFh -ABANK2=0200h-02FFh \
  -ABANK3=0300h-03FFh -ABANK4=0400h-04FFh -ABANK5=0500h-05F3h \
  -ASFR=0F80h-0F9Bh,0F9Dh-0FD3h,0FD5h-0FDAh,0FE0h-0FE2h,0FE8h-0FEAh,0FF0h-0FFCh \
  -ACONFIG=0300000h-030000Dh -AIDLOC=0200000h-0200007h \
  -AEEDATA=0F00000h-0F000FFh -peeprom_data=EEDATA \
  -preset_vec=00h,intcode=08h,intcodelo=018h,powerup,init -pramtop=0600h \
  -psmallconst=SMALLCONST -pmediumconst=MEDIUMCONST -pconst=CONST \
  -AFARRAM=00h-00h \
  -prdata=COMRAM,nvrram=COMRAM,nvbit=COMRAM,rbss=COMRAM,rbit=COMRAM \
  -pfarbss=FARRAM,fardata=FARRAM,nvFARRAM=FARRAM \
  -pintsave_regs=BIGRAM,bigbss=BIGRAM,bigdata=BIGRAM -pbss=RAM \
  -pidata=CODE,irdata=CODE,ibigdata=CODE,ifardata=CODE -prparam=COMRAM \
  C:\Users\Hank\AppData\Local\Temp\xcAsao.o \
  dist/default/debug\Lab11_template.debug.o 

Object code version is 3.11

Machine type is 18F4520



                Name                               Link     Load   Length Selector   Space Scale
C:\Users\Hank\AppData\Local\Temp\xcAsao.o
                idloc                            200000   200000        8        0       5
                config                           300000   300000        E        0       4
                init                                 A8       A8        4        C       0
                reset_vec                             0        0        4        0       0
dist/default/debug\Lab11_template.debug.o
                intcodelo                            18       18       90        C       0
                intcode                               8        8        6        4       0
                idloc                            200000   200000        8        0       5
                config                           300000   300000        E        0       4
                temp                                 6D       6D        1        1       1
                smallconst                          600      600       5A      300       0
                intcode_body                       1C78     1C78        6      32D       0
                text35                             1C62     1C62       16      32D       0
                text34                             1B82     1B82       34      32D       0
                text33                             173C     173C       7E      32D       0
                text31                             1C2E     1C2E       1E      32D       0
                text30                             1C84     1C84        2      32D       0
                text29                             1AA0     1AA0       3E      32D       0
                text28                             14B8     14B8       C4      32D       0
                text27                             1A1E     1A1E       42      32D       0
                text26                             1C4C     1C4C       16      32D       0
                text25                             16BE     16BE       7E      32D       0
                text24                             1C08     1C08       26      32D       0
                text23                             1ADE     1ADE       38      32D       0
                text22                             1988     1988       52      32D       0
                text21                              BEA      BEA      1F8      32D       0
                text20                              DE2      DE2      188      32D       0
                text19                              F6A      F6A      164      32D       0
                text18                             1A60     1A60       40      32D       0
                text17                             1C82     1C82        2      32D       0
                text16                             13EE     13EE       CA      32D       0
                text15                             19DA     19DA       44      32D       0
                text14                             1B4C     1B4C       36      32D       0
                text13                             157C     157C       C2      32D       0
                text12                              65A      65A      2DE      32D       0
                text11                              938      938      2B2      32D       0
                text10                             182A     182A       5E      32D       0
                text9                              1936     1936       52      32D       0
                text8                              1200     1200       FA      32D       0
                text7                              12FA     12FA       F4      32D       0
                text6                              163E     163E       80      32D       0
                text5                              1888     1888       5C      32D       0
                text4                              1B16     1B16       36      32D       0
                text3                              1BB6     1BB6       2A      32D       0
                text2                              1BE0     1BE0       28      32D       0
                text1                              17BA     17BA       70      32D       0
                text0                              10CE     10CE      132      32D       0
                cstackCOMRAM                          1        1       5C        1       1
                cstackBANK0                          80       80       4E       80       1
                bssBANK1                            100      100       20      100       1
                bssBANK0                             CE       CE       2A       80       1
                dataCOMRAM                           69       69        4        1       1
                bssCOMRAM                            5D       5D        C        1       1
                cinit                              18E4     18E4       52      32D       0
                idataCOMRAM                        1C7E     1C7E        4      32D       0

TOTAL           Name                               Link     Load   Length     Space
        CLASS   STACK          

        CLASS   CODE           
                intcodelo                            18       18       90         0
                intcode                               8        8        6         0
                init                                 A8       A8        4         0
                reset_vec                             0        0        4         0
                intcode_body                       1C78     1C78        6         0
                text35                             1C62     1C62       16         0
                text34                             1B82     1B82       34         0
                text33                             173C     173C       7E         0
                text31                             1C2E     1C2E       1E         0
                text30                             1C84     1C84        2         0
                text29                             1AA0     1AA0       3E         0
                text28                             14B8     14B8       C4         0
                text27                             1A1E     1A1E       42         0
                text26                             1C4C     1C4C       16         0
                text25                             16BE     16BE       7E         0
                text24                             1C08     1C08       26         0
                text23                             1ADE     1ADE       38         0
                text22                             1988     1988       52         0
                text21                              BEA      BEA      1F8         0
                text20                              DE2      DE2      188         0
                text19                              F6A      F6A      164         0
                text18                             1A60     1A60       40         0
                text17                             1C82     1C82        2         0
                text16                             13EE     13EE       CA         0
                text15                             19DA     19DA       44         0
                text14                             1B4C     1B4C       36         0
                text13                             157C     157C       C2         0
                text12                              65A      65A      2DE         0
                text11                              938      938      2B2         0
                text10                             182A     182A       5E         0
                text9                              1936     1936       52         0
                text8                              1200     1200       FA         0
                text7                              12FA     12FA       F4         0
                text6                              163E     163E       80         0
                text5                              1888     1888       5C         0
                text4                              1B16     1B16       36         0
                text3                              1BB6     1BB6       2A         0
                text2                              1BE0     1BE0       28         0
                text1                              17BA     17BA       70         0
                text0                              10CE     10CE      132         0
                cinit                              18E4     18E4       52         0
                idataCOMRAM                        1C7E     1C7E        4         0

        CLASS   CONST          

        CLASS   SMALLCONST     
                smallconst                          600      600       5A         0

        CLASS   MEDIUMCONST    

        CLASS   COMRAM         
                temp                                 6D       6D        1         1
                cstackCOMRAM                          1        1       5C         1
                dataCOMRAM                           69       69        4         1
                bssCOMRAM                            5D       5D        C         1

        CLASS   ABS1           

        CLASS   BIGRAM         

        CLASS   RAM            

        CLASS   BANK0          
                cstackBANK0                          80       80       4E         1
                bssBANK0                             CE       CE       2A         1

        CLASS   BANK1          
                bssBANK1                            100      100       20         1

        CLASS   BANK2          

        CLASS   BANK3          

        CLASS   BANK4          

        CLASS   BANK5          

        CLASS   SFR            

        CLASS   CONFIG         
                config                           300000   300000        E         4

        CLASS   IDLOC          
                idloc                            200000   200000        8         5

        CLASS   EEDATA         

        CLASS   FARRAM         



SEGMENTS        Name                           Load    Length   Top    Selector   Space  Class

                reset_vec                      000000  000004  000004         0       0  CODE    
                cstackCOMRAM                   000001  00006D  00006E         1       1  COMRAM  
                intcode                        000008  000006  00000E         4       0  CODE    
                intcodelo                      000018  000094  0000AC         C       0  CODE    
                cstackBANK0                    000080  000078  0000F8        80       1  BANK0   
                bssBANK1                       000100  000020  000120       100       1  BANK1   
                smallconst                     000600  00005A  00065A       300       0  SMALLCON
                text12                         00065A  00162C  001C86       32D       0  CODE    


UNUSED ADDRESS RANGES

        Name                Unused          Largest block    Delta
        BANK0            0000F8-0000FF                8
        BANK1            000120-0001FF               E0
        BANK2            000200-0002FF              100
        BANK3            000300-0003FF              100
        BANK4            000400-0004FF              100
        BANK5            000500-0005F3               F4
        BIGRAM           00006E-00007F               12
                         0000F8-0000FF                8
                         000120-0005F3              4D4
        CODE             000004-000007                4
                         00000E-000017                A
                         0000AC-0005FF              554
                         001C86-007DBF             613A
        COMRAM           00006E-00007F               12
        CONST            000004-000007                4
                         00000E-000017                A
                         0000AC-0005FF              554
                         001C86-007DBF             613A
        EEDATA           F00000-F000FF              100
        MEDIUMCONST      001C86-007DBF             613A
        RAM              0000F8-0000FF                8
                         000120-0005F3              100
        SFR              000F80-000F9B               1C
                         000F9D-000FD3               37
                         000FD5-000FDA                6
                         000FE0-000FE2                3
                         000FE8-000FEA                3
                         000FF0-000FFC                D
        SMALLCONST       001C86-007DBF              100
        STACK            000120-0005F3              4D4

                                  Symbol Table

?_ADC_Read                  cstackCOMRAM 000011
?_GetString                 cstackCOMRAM 000012
?___aodiv                   cstackCOMRAM 000011
?___aomod                   cstackCOMRAM 000011
?___awdiv                   cstackCOMRAM 00001D
?___wmul                    cstackCOMRAM 000017
?_abs                       cstackCOMRAM 000023
?_atoi                      cstackCOMRAM 00001D
?_dtoa                      cstackCOMRAM 00002C
?_isdigit                   cstackCOMRAM 000011
?_isspace                   cstackCOMRAM 000011
?_pad                       cstackCOMRAM 000021
?_sprintf                   cstackBANK0  000090
?_strcmp                    cstackCOMRAM 000011
?_strlen                    cstackCOMRAM 000011
?_vfpfcnvrt                 cstackCOMRAM 000050
?_vfprintf                  cstackBANK0  00008A
ADC_Read@channel            cstackCOMRAM 000011
ADC_Read@digital            cstackCOMRAM 000015
ClearBuffer@i               cstackCOMRAM 000011
GetString@c                 cstackCOMRAM 000016
GetString@i                 cstackCOMRAM 000014
Mode_run2@word              cstackBANK0  0000B7
Mode_run@c                  cstackBANK0  0000CD
Mode_run@word               cstackBANK0  0000B7
MyusartRead@c               cstackCOMRAM 000002
UART_Write@data             cstackCOMRAM 000011
UART_Write_Text@i           cstackCOMRAM 000016
UART_Write_Text@text        cstackCOMRAM 000012
_ADCON0bits                 (abs)        000FC2
_ADCON1                     (abs)        000FC1
_ADCON2bits                 (abs)        000FC0
_ADC_Initialize             text31       001C2E
_ADC_Read                   text29       001AA0
_ADFM                       (abs)        007E07
_ADRESH                     (abs)        000FC4
_ADRESL                     (abs)        000FC3
_BAUDCONbits                (abs)        000FB8
_CCP1CON                    (abs)        000FBD
_CCPR1L                     (abs)        000FBE
_CREN                       (abs)        007D5C
_ClearBuffer                text27       001A1E
_GetString                  text6        00163E
_Hi_ISR                     intcode      000008
_INTCON2bits                (abs)        000FF1
_INTCONbits                 (abs)        000FF2
_IPR1bits                   (abs)        000F9F
_IRCF0                      (abs)        007E9C
_IRCF1                      (abs)        007E9D
_IRCF2                      (abs)        007E9E
_LATD                       (abs)        000F8C
_LATDbits                   (abs)        000F8C
_Lo_ISR                     intcodelo    000018
_Mode_degree                text30       001C84
_Mode_run                   text7        0012FA
_Mode_run$2073              cstackBANK0  0000CB
_Mode_run2                  text4        001B16
_Mode_turn                  text3        001BB6
_MyusartRead                text34       001B82
_OSCCONbits                 (abs)        000FD3
_PIE1bits                   (abs)        000F9D
_PIR1bits                   (abs)        000F9E
_PORTAbits                  (abs)        000F80
_PORTBbits                  (abs)        000F81
_PR2                        (abs)        000FCB
_RCIF                       (abs)        007CF5
_RCREG                      (abs)        000FAE
_RCSTAbits                  (abs)        000FAB
_SPBRG                      (abs)        000FAF
_T2CON                      (abs)        000FCA
_TRISA                      (abs)        000F92
_TRISAbits                  (abs)        000F92
_TRISB                      (abs)        000F93
_TRISCbits                  (abs)        000F94
_TRISD                      (abs)        000F95
_TXREG                      (abs)        000FAD
_TXSTAbits                  (abs)        000FAC
_UART_Initialize            text2        001BE0
_UART_Write                 text26       001C4C
_UART_Write_Text            text25       0016BE
__HRAM                      (abs)        000000
__Habs1                     abs1         000000
__Hbank0                    bank0        000000
__Hbank1                    bank1        000000
__Hbank2                    bank2        000000
__Hbank3                    bank3        000000
__Hbank4                    bank4        000000
__Hbank5                    bank5        000000
__Hbigbss                   bigbss       000000
__Hbigdata                  bigdata      000000
__Hbigram                   bigram       000000
__Hbss                      bss          000000
__HbssBANK0                 bssBANK0     000000
__HbssBANK1                 bssBANK1     000000
__HbssCOMRAM                bssCOMRAM    000000
__Hcinit                    cinit        000000
__Hclrtext                  clrtext      000000
__Hcomram                   comram       000000
__Hconfig                   config       30000E
__Hconst                    const        000000
__HcstackBANK0              cstackBANK0  000000
__HcstackCOMRAM             cstackCOMRAM 000000
__Hdata                     data         000000
__HdataCOMRAM               dataCOMRAM   000000
__Heeprom_data              eeprom_data  000000
__Hfarbss                   farbss       000000
__Hfardata                  fardata      000000
__Hibigdata                 ibigdata     000000
__Hidata                    idata        000000
__HidataCOMRAM              idataCOMRAM  000000
__Hidloc                    idloc        200008
__Hifardata                 ifardata     000000
__Hinit                     init         0000AC
__Hintcode                  intcode      00000E
__Hintcode_body             intcode_body 000000
__Hintcodelo                intcodelo    0000A8
__Hintentry                 intentry     000000
__Hintret                   intret       000000
__Hintsave_regs             intsave_regs 000000
__Hirdata                   irdata       000000
__Hmediumconst              mediumconst  000000
__HnvFARRAM                 nvFARRAM     000000
__Hnvbit                    nvbit        000000
__Hnvrram                   nvrram       000000
__Hparam                    rparam       000000
__Hpowerup                  powerup      0000A8
__Hram                      ram          000000
__Hramtop                   ramtop       000600
__Hrbit                     rbit         000000
__Hrbss                     rbss         000000
__Hrdata                    rdata        000000
__Hreset_vec                reset_vec    000004
__Hrparam                   rparam       000000
__Hsfr                      sfr          000000
__Hsmallconst               smallconst   00065A
__Hspace_0                  (abs)        001C86
__Hspace_1                  (abs)        000120
__Hspace_2                  (abs)        000000
__Hspace_4                  (abs)        60000E
__Hstack                    stack        000000
__Hstruct                   struct       000000
__Htemp                     temp         00006E
__Htext                     text         000000
__Htext0                    text0        000000
__Htext1                    text1        000000
__Htext10                   text10       000000
__Htext11                   text11       000000
__Htext12                   text12       000000
__Htext13                   text13       000000
__Htext14                   text14       000000
__Htext15                   text15       000000
__Htext16                   text16       000000
__Htext17                   text17       000000
__Htext18                   text18       000000
__Htext19                   text19       000000
__Htext2                    text2        000000
__Htext20                   text20       000000
__Htext21                   text21       000000
__Htext22                   text22       000000
__Htext23                   text23       000000
__Htext24                   text24       000000
__Htext25                   text25       000000
__Htext26                   text26       000000
__Htext27                   text27       000000
__Htext28                   text28       000000
__Htext29                   text29       000000
__Htext3                    text3        000000
__Htext30                   text30       000000
__Htext31                   text31       000000
__Htext33                   text33       000000
__Htext34                   text34       000000
__Htext35                   text35       000000
__Htext4                    text4        000000
__Htext5                    text5        000000
__Htext6                    text6        000000
__Htext7                    text7        000000
__Htext8                    text8        000000
__Htext9                    text9        000000
__LRAM                      (abs)        000001
__Labs1                     abs1         000000
__Lbank0                    bank0        000000
__Lbank1                    bank1        000000
__Lbank2                    bank2        000000
__Lbank3                    bank3        000000
__Lbank4                    bank4        000000
__Lbank5                    bank5        000000
__Lbigbss                   bigbss       000000
__Lbigdata                  bigdata      000000
__Lbigram                   bigram       000000
__Lbss                      bss          000000
__LbssBANK0                 bssBANK0     000000
__LbssBANK1                 bssBANK1     000000
__LbssCOMRAM                bssCOMRAM    000000
__Lcinit                    cinit        000000
__Lclrtext                  clrtext      000000
__Lcomram                   comram       000000
__Lconfig                   config       000000
__Lconst                    const        000000
__LcstackBANK0              cstackBANK0  000000
__LcstackCOMRAM             cstackCOMRAM 000000
__Ldata                     data         000000
__LdataCOMRAM               dataCOMRAM   000000
__Leeprom_data              eeprom_data  000000
__Lfarbss                   farbss       000000
__Lfardata                  fardata      000000
__Libigdata                 ibigdata     000000
__Lidata                    idata        000000
__LidataCOMRAM              idataCOMRAM  000000
__Lidloc                    idloc        000000
__Lifardata                 ifardata     000000
__Linit                     init         0000A8
__Lintcode                  intcode      000008
__Lintcode_body             intcode_body 000000
__Lintcodelo                intcodelo    000018
__Lintentry                 intentry     000000
__Lintret                   intret       000000
__Lintsave_regs             intsave_regs 000000
__Lirdata                   irdata       000000
__Lmediumconst              mediumconst  000000
__LnvFARRAM                 nvFARRAM     000000
__Lnvbit                    nvbit        000000
__Lnvrram                   nvrram       000000
__Lparam                    rparam       000000
__Lpowerup                  powerup      0000A8
__Lram                      ram          000000
__Lramtop                   ramtop       000600
__Lrbit                     rbit         000000
__Lrbss                     rbss         000000
__Lrdata                    rdata        000000
__Lreset_vec                reset_vec    000000
__Lrparam                   rparam       000000
__Lsfr                      sfr          000000
__Lsmallconst               smallconst   000600
__Lspace_0                  (abs)        000000
__Lspace_1                  (abs)        000000
__Lspace_2                  (abs)        000000
__Lspace_4                  (abs)        000000
__Lstack                    stack        000000
__Lstruct                   struct       000000
__Ltemp                     temp         00006D
__Ltext                     text         000000
__Ltext0                    text0        000000
__Ltext1                    text1        000000
__Ltext10                   text10       000000
__Ltext11                   text11       000000
__Ltext12                   text12       000000
__Ltext13                   text13       000000
__Ltext14                   text14       000000
__Ltext15                   text15       000000
__Ltext16                   text16       000000
__Ltext17                   text17       000000
__Ltext18                   text18       000000
__Ltext19                   text19       000000
__Ltext2                    text2        000000
__Ltext20                   text20       000000
__Ltext21                   text21       000000
__Ltext22                   text22       000000
__Ltext23                   text23       000000
__Ltext24                   text24       000000
__Ltext25                   text25       000000
__Ltext26                   text26       000000
__Ltext27                   text27       000000
__Ltext28                   text28       000000
__Ltext29                   text29       000000
__Ltext3                    text3        000000
__Ltext30                   text30       000000
__Ltext31                   text31       000000
__Ltext33                   text33       000000
__Ltext34                   text34       000000
__Ltext35                   text35       000000
__Ltext4                    text4        000000
__Ltext5                    text5        000000
__Ltext6                    text6        000000
__Ltext7                    text7        000000
__Ltext8                    text8        000000
__Ltext9                    text9        000000
__S0                        (abs)        001C86
__S1                        (abs)        000120
__S2                        (abs)        000000
__S4                        (abs)        000000
__S5                        (abs)        000000
___aodiv                    text20       000DE2
___aodiv@counter            cstackCOMRAM 000021
___aodiv@dividend           cstackCOMRAM 000011
___aodiv@divisor            cstackCOMRAM 000019
___aodiv@quotient           cstackCOMRAM 000023
___aodiv@sign               cstackCOMRAM 000022
___aomod                    text19       000F6A
___aomod@counter            cstackCOMRAM 000021
___aomod@dividend           cstackCOMRAM 000011
___aomod@divisor            cstackCOMRAM 000019
___aomod@sign               cstackCOMRAM 000022
___awdiv                    text28       0014B8
___awdiv@counter            cstackCOMRAM 000021
___awdiv@dividend           cstackCOMRAM 00001D
___awdiv@divisor            cstackCOMRAM 00001F
___awdiv@quotient           cstackCOMRAM 000023
___awdiv@sign               cstackCOMRAM 000022
___inthi_sp                 stack        000000
___intlo_sp                 stack        000000
___param_bank               (abs)        000000
___rparam_used              (abs)        000001
___sp                       stack        000000
___wmul                     text24       001C08
___wmul@multiplicand        cstackCOMRAM 000019
___wmul@multiplier          cstackCOMRAM 000017
___wmul@product             cstackCOMRAM 00001B
__accesstop                 (abs)        000080
__activetblptr              (abs)        000002
__end_of_ADC_Initialize     text31       001C4C
__end_of_ADC_Read           text29       001ADE
__end_of_ClearBuffer        text27       001A60
__end_of_GetString          text6        0016BE
__end_of_Hi_ISR             intcode_body 001C7E
__end_of_Lo_ISR             intcodelo    0000A8
__end_of_Mode_degree        text30       001C86
__end_of_Mode_run           text7        0013EE
__end_of_Mode_run2          text4        001B4C
__end_of_Mode_turn          text3        001BE0
__end_of_MyusartRead        text34       001BB6
__end_of_UART_Initialize    text2        001C08
__end_of_UART_Write         text26       001C62
__end_of_UART_Write_Text    text25       00173C
__end_of___aodiv            text20       000F6A
__end_of___aomod            text19       0010CE
__end_of___awdiv            text28       00157C
__end_of___wmul             text24       001C2E
__end_of__initialization    cinit        001928
__end_of_abs                text18       001AA0
__end_of_atoi               text21       000DE2
__end_of_dtoa               text12       000938
__end_of_fputc              text16       0014B8
__end_of_fputs              text15       001A1E
__end_of_isdigit            text23       001B16
__end_of_isspace            text22       0019DA
__end_of_main               text0        001200
__end_of_pad                text13       00163E
__end_of_putch              text17       001C84
__end_of_run                text8        0012FA
__end_of_sprintf            text9        001988
__end_of_strcmp             text1        00182A
__end_of_strcpy             text5        0018E4
__end_of_strlen             text14       001B82
__end_of_vfpfcnvrt          text11       000BEA
__end_of_vfprintf           text10       001888
__end_ofi1_UART_Write       text35       001C78
__end_ofi1_UART_Write_Text  text33       0017BA
__initialization            cinit        0018E4
__mediumconst               mediumconst  000000
__pbssBANK0                 bssBANK0     0000CE
__pbssBANK1                 bssBANK1     000100
__pbssCOMRAM                bssCOMRAM    00005D
__pcinit                    cinit        0018E4
__pcstackBANK0              cstackBANK0  000080
__pcstackCOMRAM             cstackCOMRAM 000001
__pdataCOMRAM               dataCOMRAM   000069
__pidataCOMRAM              idataCOMRAM  001C7E
__pintcode                  intcode      000008
__pintcode_body             intcode_body 001C78
__pintcodelo                intcodelo    000018
__psmallconst               smallconst   000600
__ptext0                    text0        0010CE
__ptext1                    text1        0017BA
__ptext10                   text10       00182A
__ptext11                   text11       000938
__ptext12                   text12       00065A
__ptext13                   text13       00157C
__ptext14                   text14       001B4C
__ptext15                   text15       0019DA
__ptext16                   text16       0013EE
__ptext17                   text17       001C82
__ptext18                   text18       001A60
__ptext19                   text19       000F6A
__ptext2                    text2        001BE0
__ptext20                   text20       000DE2
__ptext21                   text21       000BEA
__ptext22                   text22       001988
__ptext23                   text23       001ADE
__ptext24                   text24       001C08
__ptext25                   text25       0016BE
__ptext26                   text26       001C4C
__ptext27                   text27       001A1E
__ptext28                   text28       0014B8
__ptext29                   text29       001AA0
__ptext3                    text3        001BB6
__ptext30                   text30       001C84
__ptext31                   text31       001C2E
__ptext33                   text33       00173C
__ptext34                   text34       001B82
__ptext35                   text35       001C62
__ptext4                    text4        001B16
__ptext5                    text5        001888
__ptext6                    text6        00163E
__ptext7                    text7        0012FA
__ptext8                    text8        001200
__ptext9                    text9        001936
__ramtop                    ramtop       000600
__size_of_ADC_Initialize    (abs)        000000
__size_of_ADC_Read          (abs)        000000
__size_of_ClearBuffer       (abs)        000000
__size_of_GetString         (abs)        000000
__size_of_Hi_ISR            (abs)        000000
__size_of_Lo_ISR            (abs)        000000
__size_of_Mode_degree       (abs)        000000
__size_of_Mode_run          (abs)        000000
__size_of_Mode_run2         (abs)        000000
__size_of_Mode_turn         (abs)        000000
__size_of_MyusartRead       (abs)        000000
__size_of_UART_Initialize   (abs)        000000
__size_of_UART_Write        (abs)        000000
__size_of_UART_Write_Text   (abs)        000000
__size_of___aodiv           (abs)        000000
__size_of___aomod           (abs)        000000
__size_of___awdiv           (abs)        000000
__size_of___wmul            (abs)        000000
__size_of_abs               (abs)        000000
__size_of_atoi              (abs)        000000
__size_of_dtoa              (abs)        000000
__size_of_fputc             (abs)        000000
__size_of_fputs             (abs)        000000
__size_of_isdigit           (abs)        000000
__size_of_isspace           (abs)        000000
__size_of_main              (abs)        000000
__size_of_pad               (abs)        000000
__size_of_putch             (abs)        000000
__size_of_run               (abs)        000000
__size_of_sprintf           (abs)        000000
__size_of_strcmp            (abs)        000000
__size_of_strcpy            (abs)        000000
__size_of_strlen            (abs)        000000
__size_of_vfpfcnvrt         (abs)        000000
__size_of_vfprintf          (abs)        000000
__size_ofi1_UART_Write      (abs)        000000
__size_ofi1_UART_Write_Text (abs)        000000
__smallconst                smallconst   000600
_abs                        text18       001A60
_atoi                       text21       000BEA
_atoi$1694                  cstackCOMRAM 000025
_atoi$1695                  cstackCOMRAM 000029
_atoi$1696                  cstackCOMRAM 000027
_dbuf                       bssBANK1     000100
_degree                     dataCOMRAM   00006B
_dtoa                       text12       00065A
_dtoa$1791                  cstackCOMRAM 00003E
_flags                      bssCOMRAM    000063
_fputc                      text16       0013EE
_fputs                      text15       0019DA
_isdigit                    text23       001ADE
_isspace                    text22       001988
_isspace$1712               cstackCOMRAM 000017
_lenStr                     bssCOMRAM    000067
_main                       text0        0010CE
_mystring                   bssBANK0     0000E4
_nout                       bssCOMRAM    00005D
_pad                        text13       00157C
_poker_time                 dataCOMRAM   000069
_prec                       bssCOMRAM    000061
_putch                      text17       001C82
_run                        text8        001200
_sprintf                    text9        001936
_step_size                  bssCOMRAM    000065
_str                        bssBANK0     0000D0
_strcmp                     text1        0017BA
_strcpy                     text5        001888
_strlen                     text14       001B4C
_time                       bssBANK0     0000CE
_vfpfcnvrt                  text11       000938
_vfpfcnvrt$1806             cstackBANK0  000088
_vfprintf                   text10       00182A
_width                      bssCOMRAM    00005F
abs@a                       cstackCOMRAM 000023
atoi@n                      cstackCOMRAM 00002A
atoi@neg                    cstackCOMRAM 000023
atoi@s                      cstackCOMRAM 00001D
btemp                       temp         00006D
dtoa@d                      cstackCOMRAM 00002E
dtoa@fp                     cstackCOMRAM 00002C
dtoa@i                      cstackCOMRAM 00004E
dtoa@n                      cstackCOMRAM 000046
dtoa@p                      cstackCOMRAM 000040
dtoa@s                      cstackCOMRAM 000044
dtoa@w                      cstackCOMRAM 000042
end_of_initialization       cinit        001928
fputc@c                     cstackCOMRAM 000011
fputc@fp                    cstackCOMRAM 000013
fputs@c                     cstackCOMRAM 00001E
fputs@fp                    cstackCOMRAM 00001C
fputs@i                     cstackCOMRAM 00001F
fputs@s                     cstackCOMRAM 00001A
i1UART_Write@data           cstackCOMRAM 000001
i1UART_Write_Text@i         cstackCOMRAM 000006
i1UART_Write_Text@text      cstackCOMRAM 000002
i1_UART_Write               text35       001C62
i1_UART_Write_Text          text33       00173C
int$flags                   temp         00006D
int_func                    intcode_body 001C78
intlevel0                   text         000000
intlevel1                   text         000000
intlevel2                   text         000000
intlevel3                   text         000000
isa$std                     (abs)        000001
isa$xinst                   (abs)        000000
isdigit@c                   cstackCOMRAM 000011
isspace@c                   cstackCOMRAM 000011
pad@buf                     cstackCOMRAM 000023
pad@fp                      cstackCOMRAM 000021
pad@i                       cstackCOMRAM 000028
pad@p                       cstackCOMRAM 000025
pad@w                       cstackCOMRAM 00002A
run@c                       cstackBANK0  0000B6
run@cur                     cstackBANK0  0000B4
run@now_state               cstackBANK0  0000B2
run@word                    cstackBANK0  00009E
sprintf@ap                  cstackBANK0  000096
sprintf@f                   cstackBANK0  000098
sprintf@fmt                 cstackBANK0  000092
sprintf@s                   cstackBANK0  000090
stackhi                     (abs)        0005F3
stacklo                     (abs)        000120
start                       init         0000A8
start_initialization        cinit        0018E4
strcmp@l                    cstackCOMRAM 000011
strcmp@r                    cstackCOMRAM 000013
strcpy@d                    cstackCOMRAM 00001F
strcpy@dest                 cstackCOMRAM 000017
strcpy@s                    cstackCOMRAM 00001D
strcpy@src                  cstackCOMRAM 000019
strlen@a                    cstackCOMRAM 000013
strlen@s                    cstackCOMRAM 000011
ttemp5                      temp         00006E
ttemp6                      temp         000071
ttemp7                      temp         000075
vfpfcnvrt@ap                cstackCOMRAM 000054
vfpfcnvrt@fmt               cstackCOMRAM 000052
vfpfcnvrt@fp                cstackCOMRAM 000050
vfpfcnvrt@ll                cstackBANK0  000080
vfprintf@ap                 cstackBANK0  00008E
vfprintf@cfmt               cstackCOMRAM 00005A
vfprintf@fmt                cstackBANK0  00008C
vfprintf@fp                 cstackBANK0  00008A
wtemp8                      temp         00006E


MODULE INFORMATION

Module		Function		Class		Link	Load	Size
C:\Program Files\Microchip\xc8\v2.32\pic\sources\c99\common\nf_sprintf.c
		_sprintf       		CODE           	1936	0000	82

C:\Program Files\Microchip\xc8\v2.32\pic\sources\c99\common\nf_sprintf.c estimated size: 82

C:\Program Files\Microchip\xc8\v2.32\pic\sources\c99\common\awdiv.c
		___awdiv       		CODE           	14B8	0000	196

C:\Program Files\Microchip\xc8\v2.32\pic\sources\c99\common\awdiv.c estimated size: 196

C:\Program Files\Microchip\xc8\v2.32\pic\sources\c99\common\isdigit.c
		_isdigit       		CODE           	1ADE	0000	56

C:\Program Files\Microchip\xc8\v2.32\pic\sources\c99\common\isdigit.c estimated size: 56

C:\Program Files\Microchip\xc8\v2.32\pic\sources\c99\common\doprnt.c
		_vfpfcnvrt     		CODE           	0938	0000	690
		_pad           		CODE           	157C	0000	194
		_dtoa          		CODE           	065A	0000	734
		_vfprintf      		CODE           	182A	0000	94

C:\Program Files\Microchip\xc8\v2.32\pic\sources\c99\common\doprnt.c estimated size: 1712

setting_hardaware/uart.c
		_Lo_ISR        		CODE           	0018	0000	144
		_MyusartRead   		CODE           	1B82	0000	52
		_UART_Write_Text		CODE           	16BE	0000	126
		_GetString     		CODE           	163E	0000	128
		_ClearBuffer   		CODE           	1A1E	0000	66
		_UART_Initialize		CODE           	1BE0	0000	40
		_UART_Write    		CODE           	1C4C	0000	22

setting_hardaware/uart.c estimated size: 578

C:\Program Files\Microchip\xc8\v2.32\pic\sources\c99\common\atoi.c
		_atoi          		CODE           	0BEA	0000	504

C:\Program Files\Microchip\xc8\v2.32\pic\sources\c99\common\atoi.c estimated size: 504

C:\Program Files\Microchip\xc8\v2.32\pic\sources\c99\common\nf_fputs.c
		_fputs         		CODE           	19DA	0000	68

C:\Program Files\Microchip\xc8\v2.32\pic\sources\c99\common\nf_fputs.c estimated size: 68

C:\Program Files\Microchip\xc8\v2.32\pic\sources\c99\common\putch.c
		_putch         		CODE           	1C82	0000	2

C:\Program Files\Microchip\xc8\v2.32\pic\sources\c99\common\putch.c estimated size: 2

setting_hardaware/adc.c
		_ADC_Initialize		CODE           	1C2E	0000	30
		_ADC_Read      		CODE           	1AA0	0000	62

setting_hardaware/adc.c estimated size: 92

C:\Program Files\Microchip\xc8\v2.32\pic\sources\c99\common\Umul16.c
		___wmul        		CODE           	1C08	0000	38

C:\Program Files\Microchip\xc8\v2.32\pic\sources\c99\common\Umul16.c estimated size: 38

C:\Program Files\Microchip\xc8\v2.32\pic\sources\c99\common\abs.c
		_abs           		CODE           	1A60	0000	64

C:\Program Files\Microchip\xc8\v2.32\pic\sources\c99\common\abs.c estimated size: 64

C:\Program Files\Microchip\xc8\v2.32\pic\sources\c99\common\aomod.c
		___aomod       		CODE           	0F6A	0000	356

C:\Program Files\Microchip\xc8\v2.32\pic\sources\c99\common\aomod.c estimated size: 356

C:\Program Files\Microchip\xc8\v2.32\pic\sources\c99\common\isspace.c
		_isspace       		CODE           	1988	0000	82

C:\Program Files\Microchip\xc8\v2.32\pic\sources\c99\common\isspace.c estimated size: 82

shared
		i1_UART_Write  		CODE           	1C62	0000	22
		__initialization		CODE           	18E4	0000	68
		i1_UART_Write_Text		CODE           	173C	0000	126

shared estimated size: 216

C:\Program Files\Microchip\xc8\v2.32\pic\sources\c99\common\nf_fputc.c
		_fputc         		CODE           	13EE	0000	202

C:\Program Files\Microchip\xc8\v2.32\pic\sources\c99\common\nf_fputc.c estimated size: 202

C:\Program Files\Microchip\xc8\v2.32\pic\sources\c99\common\aodiv.c
		___aodiv       		CODE           	0DE2	0000	392

C:\Program Files\Microchip\xc8\v2.32\pic\sources\c99\common\aodiv.c estimated size: 392

main.c
		_Mode_turn     		CODE           	1BB6	0000	42
		_main          		CODE           	10CE	0000	306
		_Mode_run      		CODE           	12FA	0000	244
		_Mode_run2     		CODE           	1B16	0000	54
		_Mode_degree   		CODE           	1C84	0000	2
		_run           		CODE           	1200	0000	250
		_Hi_ISR        		CODE           	0008	0000	12

main.c estimated size: 910

C:\Program Files\Microchip\xc8\v2.32\pic\sources\c99\common\strlen.c
		_strlen        		CODE           	1B4C	0000	54

C:\Program Files\Microchip\xc8\v2.32\pic\sources\c99\common\strlen.c estimated size: 54

C:\Program Files\Microchip\xc8\v2.32\pic\sources\c99\common\strcmp.c
		_strcmp        		CODE           	17BA	0000	112

C:\Program Files\Microchip\xc8\v2.32\pic\sources\c99\common\strcmp.c estimated size: 112

C:\Program Files\Microchip\xc8\v2.32\pic\sources\c99\common\strcpy.c
		_strcpy        		CODE           	1888	0000	92

C:\Program Files\Microchip\xc8\v2.32\pic\sources\c99\common\strcpy.c estimated size: 92

